// Jest Snapshot v1, https://goo.gl/fbAQLP

exports[`TeamMembers render() renders 1`] = `
<Panel>
<<<<<<< HEAD
<<<<<<< HEAD
  <PanelHeader
    hasButtons={true}
  >
    <div>
      Members
    </div>
    <div
      style={
        Object {
          "textTransform": "none",
        }
      }
    >
      <DropdownAutoComplete
        alignMenu="right"
        items={Array []}
        menuHeader={
          <StyledMembersLabel>
            Members
            <StyledCreateMemberLink
              to="/settings/org-slug/members/new/"
            >
              Add Member
            </StyledCreateMemberLink>
          </StyledMembersLabel>
        }
        onSelect={[Function]}
      />
    </div>
  </PanelHeader>
  <StyledMemberContainer
    key="0"
  >
    <UserBadge
      avatarSize={36}
      orgId="org-slug"
      user={
        Object {
          "email": "",
          "flags": Object {
            "sso:linked": false,
          },
          "id": "1",
          "name": "",
          "pending": false,
          "roleName": "",
          "user": Object {
            "email": "sentry1@test.com",
            "has2fa": false,
            "id": "1",
            "name": "Sentry 1 Name",
            "username": "Sentry 1 Username",
          },
        }
      }
      userLink={true}
    />
    <Button
      disabled={false}
      onClick={[Function]}
      size="small"
    >
      <InlineSvg
        size="1.25em"
        src="icon-circle-subtract"
        style={
          Object {
            "marginRight": "8px",
          }
        }
      />
      Remove
    </Button>
  </StyledMemberContainer>
  <StyledMemberContainer
    key="1"
  >
    <UserBadge
      avatarSize={36}
=======
  <PanelHeader>
    <PanelHeaderContentContainer>
=======
  <PanelHeader
    disablePadding={true}
    hasButtons={true}
  >
    <StyledHeaderContainer>
>>>>>>> add hasButtons to the propTypes and pass it into styled to prevent react error messages from old components
      <div>
        Members
      </div>
      <Button
        className="pull-right"
        disabled={false}
        priority="primary"
        size="small"
        to="/settings/organization/org-slug/members/new/"
      >
        <span
          className="icon-plus"
        />
         
        Invite Member
      </Button>
    </StyledHeaderContainer>
  </PanelHeader>
  <StyledMemberContainer
    key="0"
  >
    <UserBadge
      orgId="org-slug"
      user={
        Object {
          "email": "",
          "flags": Object {
            "sso:linked": false,
          },
          "id": "1",
          "name": "",
          "pending": false,
          "roleName": "",
          "user": Object {
            "email": "sentry1@test.com",
            "has2fa": false,
            "id": "1",
            "name": "Sentry 1 Name",
            "username": "Sentry 1 Username",
          },
        }
      }
    />
    <Button
      disabled={false}
      onClick={[Function]}
      size="small"
    >
      <InlineSvg
        size="1.25em"
        src="icon-circle-subtract"
        style={
          Object {
            "marginRight": "0.5em",
          }
        }
      />
      Remove
    </Button>
  </StyledMemberContainer>
  <StyledMemberContainer
    key="1"
  >
    <UserBadge
>>>>>>> remove le table
      orgId="org-slug"
      user={
        Object {
          "email": "",
          "flags": Object {
            "sso:linked": false,
          },
          "id": "2",
          "name": "",
          "pending": false,
          "roleName": "",
          "user": Object {
            "email": "sentry2@test.com",
            "has2fa": true,
            "id": "2",
            "name": "Sentry 2 Name",
            "username": "Sentry 2 Username",
          },
        }
      }
<<<<<<< HEAD
      userLink={true}
=======
>>>>>>> remove le table
    />
    <Button
      disabled={false}
      onClick={[Function]}
      size="small"
    >
<<<<<<< HEAD
<<<<<<< HEAD
=======
>>>>>>> add remove icon
      <InlineSvg
        size="1.25em"
        src="icon-circle-subtract"
        style={
          Object {
<<<<<<< HEAD
            "marginRight": "8px",
          }
        }
      />
      Remove
    </Button>
  </StyledMemberContainer>
  <StyledMemberContainer
    key="2"
  >
    <UserBadge
      avatarSize={36}
=======
=======
            "marginRight": "0.5em",
          }
        }
      />
>>>>>>> add remove icon
      Remove
    </Button>
  </StyledMemberContainer>
  <StyledMemberContainer
    key="2"
  >
    <UserBadge
>>>>>>> remove le table
      orgId="org-slug"
      user={
        Object {
          "email": "",
          "flags": Object {
            "sso:linked": true,
          },
          "id": "3",
          "name": "",
          "pending": false,
          "roleName": "",
          "user": Object {
            "email": "sentry3@test.com",
            "has2fa": true,
            "id": "3",
            "name": "Sentry 3 Name",
            "username": "Sentry 3 Username",
          },
        }
      }
<<<<<<< HEAD
      userLink={true}
=======
>>>>>>> remove le table
    />
    <Button
      disabled={false}
      onClick={[Function]}
      size="small"
    >
<<<<<<< HEAD
<<<<<<< HEAD
=======
>>>>>>> add remove icon
      <InlineSvg
        size="1.25em"
        src="icon-circle-subtract"
        style={
          Object {
<<<<<<< HEAD
            "marginRight": "8px",
          }
        }
      />
      Remove
    </Button>
  </StyledMemberContainer>
=======
=======
            "marginRight": "0.5em",
          }
        }
      />
>>>>>>> add remove icon
      Remove
    </Button>
<<<<<<< HEAD
  </div>
>>>>>>> remove le table
=======
  </StyledMemberContainer>
>>>>>>> add hasButtons to the propTypes and pass it into styled to prevent react error messages from old components
</Panel>
`;
